
Map of Debug\DistanceSensor.sm8 from link file Debug\DistanceSensor.lkf - Tue May 07 22:46:50 2013


                               --------
                               Segments
                               --------

start 00008080 end 0000808c length    12 segment .const
start 000080b6 end 00008b51 length  2715 segment .text
start 00004000 end 00004000 length     0 segment .eeprom
start 00000000 end 00000022 length    34 segment .bsct, initialized
start 00008094 end 000080b6 length    34 segment .bsct, from
start 00000022 end 00000034 length    18 segment .ubsct
start 00000034 end 00000034 length     0 segment .bit
start 00000034 end 00000034 length     0 segment .share
start 00000100 end 00000100 length     0 segment .data
start 00000100 end 00000100 length     0 segment .bss
start 00000000 end 000009b7 length  2487 segment .info.
start 00000000 end 0000b506 length 46342 segment .debug
start 00008000 end 00008080 length   128 segment .const
start 0000808c end 00008094 length     8 segment .init


                               -------
                               Modules
                               -------

d:\Program Files (x86)\COSMIC\CXSTM8_32K\Lib\crtsi0.sm8:
start 000080b6 end 00008101 length    75 section .text
start 00000100 end 00000100 length     0 section .bss
start 00000022 end 00000022 length     0 section .ubsct
start 00000000 end 00000030 length    48 section .info.

Debug\stm8s_tim1.o:
start 00000000 end 00003f8a length 16266 section .debug
start 00000030 end 000000b4 length   132 section .info.
start 00008101 end 0000819a length   153 section .text
start 0000819a end 000081be length    36 section .text
start ******** end ******** length     0 section .text *** removed ***
start ******** end ******** length     0 section .text *** removed ***
start ******** end ******** length     0 section .text *** removed ***
start ******** end ******** length     0 section .text *** removed ***
start ******** end ******** length     0 section .text *** removed ***
start 000081be end 0000821f length    97 section .text
start ******** end ******** length     0 section .text *** removed ***
start 0000821f end 0000822d length    14 section .text
start ******** end ******** length     0 section .text *** removed ***
start 0000822d end 00008246 length    25 section .text
start ******** end ******** length     0 section .text *** removed ***
start ******** end ******** length     0 section .text *** removed ***
start ******** end ******** length     0 section .text *** removed ***
start ******** end ******** length     0 section .text *** removed ***
start ******** end ******** length     0 section .text *** removed ***
start ******** end ******** length     0 section .text *** removed ***
start ******** end ******** length     0 section .text *** removed ***
start ******** end ******** length     0 section .text *** removed ***
start ******** end ******** length     0 section .text *** removed ***
start ******** end ******** length     0 section .text *** removed ***
start ******** end ******** length     0 section .text *** removed ***
start ******** end ******** length     0 section .text *** removed ***
start ******** end ******** length     0 section .text *** removed ***
start ******** end ******** length     0 section .text *** removed ***
start ******** end ******** length     0 section .text *** removed ***
start ******** end ******** length     0 section .text *** removed ***
start ******** end ******** length     0 section .text *** removed ***
start ******** end ******** length     0 section .text *** removed ***
start ******** end ******** length     0 section .text *** removed ***
start ******** end ******** length     0 section .text *** removed ***
start ******** end ******** length     0 section .text *** removed ***
start ******** end ******** length     0 section .text *** removed ***
start ******** end ******** length     0 section .text *** removed ***
start ******** end ******** length     0 section .text *** removed ***
start ******** end ******** length     0 section .text *** removed ***
start ******** end ******** length     0 section .text *** removed ***
start ******** end ******** length     0 section .text *** removed ***
start ******** end ******** length     0 section .text *** removed ***
start ******** end ******** length     0 section .text *** removed ***
start ******** end ******** length     0 section .text *** removed ***
start ******** end ******** length     0 section .text *** removed ***
start ******** end ******** length     0 section .text *** removed ***
start ******** end ******** length     0 section .text *** removed ***
start ******** end ******** length     0 section .text *** removed ***
start ******** end ******** length     0 section .text *** removed ***
start ******** end ******** length     0 section .text *** removed ***
start ******** end ******** length     0 section .text *** removed ***
start ******** end ******** length     0 section .text *** removed ***
start ******** end ******** length     0 section .text *** removed ***
start ******** end ******** length     0 section .text *** removed ***
start ******** end ******** length     0 section .text *** removed ***
start ******** end ******** length     0 section .text *** removed ***
start ******** end ******** length     0 section .text *** removed ***
start ******** end ******** length     0 section .text *** removed ***
start ******** end ******** length     0 section .text *** removed ***
start ******** end ******** length     0 section .text *** removed ***
start ******** end ******** length     0 section .text *** removed ***
start ******** end ******** length     0 section .text *** removed ***
start 00008246 end 00008253 length    13 section .text
start 00008253 end 00008260 length    13 section .text
start 00008260 end 0000826d length    13 section .text
start 0000826d end 0000827a length    13 section .text
start ******** end ******** length     0 section .text *** removed ***
start ******** end ******** length     0 section .text *** removed ***
start ******** end ******** length     0 section .text *** removed ***
start ******** end ******** length     0 section .text *** removed ***
start ******** end ******** length     0 section .text *** removed ***
start ******** end ******** length     0 section .text *** removed ***
start ******** end ******** length     0 section .text *** removed ***
start ******** end ******** length     0 section .text *** removed ***
start ******** end ******** length     0 section .text *** removed ***
start 0000827a end 0000827f length     5 section .text
start 0000827f end 000082af length    48 section .text
start 000082af end 000082df length    48 section .text
start 000082df end 0000830f length    48 section .text
start 0000830f end 0000833f length    48 section .text

Debug\config.o:
start 00003f8a end 0000403c length   178 section .debug
start 000000b4 end 00000134 length   128 section .info.
start 0000833f end 00008431 length   242 section .text

Debug\stm8s_tim4.o:
start 0000403c end 00004bf3 length  2999 section .debug
start 00000134 end 000001b8 length   132 section .info.
start 00008431 end 0000844a length    25 section .text
start 0000844a end 00008453 length     9 section .text
start 00008453 end 00008461 length    14 section .text
start 00008461 end 0000847a length    25 section .text
start ******** end ******** length     0 section .text *** removed ***
start ******** end ******** length     0 section .text *** removed ***
start ******** end ******** length     0 section .text *** removed ***
start ******** end ******** length     0 section .text *** removed ***
start ******** end ******** length     0 section .text *** removed ***
start ******** end ******** length     0 section .text *** removed ***
start ******** end ******** length     0 section .text *** removed ***
start ******** end ******** length     0 section .text *** removed ***
start ******** end ******** length     0 section .text *** removed ***
start ******** end ******** length     0 section .text *** removed ***
start ******** end ******** length     0 section .text *** removed ***
start ******** end ******** length     0 section .text *** removed ***
start ******** end ******** length     0 section .text *** removed ***
start 0000847a end 0000847f length     5 section .text

Debug\stm8s_tim2.o:
start 00004bf3 end 00006f07 length  8980 section .debug
start 000001b8 end 0000023c length   132 section .info.
start ******** end ******** length     0 section .text *** removed ***
start ******** end ******** length     0 section .text *** removed ***
start ******** end ******** length     0 section .text *** removed ***
start ******** end ******** length     0 section .text *** removed ***
start ******** end ******** length     0 section .text *** removed ***
start ******** end ******** length     0 section .text *** removed ***
start ******** end ******** length     0 section .text *** removed ***
start ******** end ******** length     0 section .text *** removed ***
start ******** end ******** length     0 section .text *** removed ***
start ******** end ******** length     0 section .text *** removed ***
start ******** end ******** length     0 section .text *** removed ***
start ******** end ******** length     0 section .text *** removed ***
start ******** end ******** length     0 section .text *** removed ***
start ******** end ******** length     0 section .text *** removed ***
start ******** end ******** length     0 section .text *** removed ***
start ******** end ******** length     0 section .text *** removed ***
start ******** end ******** length     0 section .text *** removed ***
start ******** end ******** length     0 section .text *** removed ***
start ******** end ******** length     0 section .text *** removed ***
start ******** end ******** length     0 section .text *** removed ***
start ******** end ******** length     0 section .text *** removed ***
start ******** end ******** length     0 section .text *** removed ***
start ******** end ******** length     0 section .text *** removed ***
start ******** end ******** length     0 section .text *** removed ***
start ******** end ******** length     0 section .text *** removed ***
start ******** end ******** length     0 section .text *** removed ***
start ******** end ******** length     0 section .text *** removed ***
start ******** end ******** length     0 section .text *** removed ***
start ******** end ******** length     0 section .text *** removed ***
start ******** end ******** length     0 section .text *** removed ***
start ******** end ******** length     0 section .text *** removed ***
start ******** end ******** length     0 section .text *** removed ***
start ******** end ******** length     0 section .text *** removed ***
start ******** end ******** length     0 section .text *** removed ***
start ******** end ******** length     0 section .text *** removed ***
start ******** end ******** length     0 section .text *** removed ***
start ******** end ******** length     0 section .text *** removed ***
start ******** end ******** length     0 section .text *** removed ***
start ******** end ******** length     0 section .text *** removed ***
start ******** end ******** length     0 section .text *** removed ***
start ******** end ******** length     0 section .text *** removed ***
start ******** end ******** length     0 section .text *** removed ***
start ******** end ******** length     0 section .text *** removed ***
start ******** end ******** length     0 section .text *** removed ***
start ******** end ******** length     0 section .text *** removed ***
start ******** end ******** length     0 section .text *** removed ***

Debug\ds18b20.o:
start 00006f07 end 000071fa length   755 section .debug
start 0000023c end 000002bd length   129 section .info.
start 0000847f end 000084ad length    46 section .text
start 000084ad end 000084f1 length    68 section .text
start 000084f1 end 0000852e length    61 section .text
start 0000852e end 0000854d length    31 section .text
start 0000854d end 0000855b length    14 section .text
start 0000855b end 00008585 length    42 section .text
start ******** end ******** length     0 section .text *** removed ***

Debug\delay.o:
start 000071fa end 00007327 length   301 section .debug
start 000002bd end 0000033c length   127 section .info.
start ******** end ******** length     0 section .text *** removed ***
start ******** end ******** length     0 section .text *** removed ***

Debug\main.o:
start 00000000 end 00000016 length    22 section .bsct
start 00007327 end 00007548 length   545 section .debug
start 0000033c end 000003ba length   126 section .info.
start 00008080 end 0000808c length    12 section .const
start 00008585 end 0000862c length   167 section .text

Debug\stm8s_it.o:
start 00000016 end 00000022 length    12 section .bsct
start 00000022 end 0000002a length     8 section .ubsct
start 00007548 end 00007d76 length  2094 section .debug
start 000003ba end 0000043c length   130 section .info.
start 0000862c end 0000862d length     1 section .text
start 0000862d end 0000862e length     1 section .text
start 0000862e end 0000862f length     1 section .text
start 0000862f end 00008630 length     1 section .text
start 00008630 end 00008631 length     1 section .text
start 00008631 end 00008632 length     1 section .text
start 00008632 end 00008633 length     1 section .text
start 00008633 end 00008634 length     1 section .text
start 00008634 end 00008635 length     1 section .text
start 00008635 end 00008636 length     1 section .text
start 00008636 end 00008637 length     1 section .text
start 00008637 end 0000866c length    53 section .text
start 0000866c end 00008764 length   248 section .text
start 00008764 end 00008765 length     1 section .text
start 00008765 end 00008766 length     1 section .text
start 00008766 end 00008767 length     1 section .text
start 00008767 end 00008768 length     1 section .text
start 00008768 end 00008769 length     1 section .text
start 00008769 end 0000876a length     1 section .text
start 0000876a end 000087cb length    97 section .text
start 000087cb end 000087cc length     1 section .text

Debug\stm8s_adc1.o:
start 00007d76 end 00009367 length  5617 section .debug
start 0000043c end 000004c0 length   132 section .info.
start ******** end ******** length     0 section .text *** removed ***
start ******** end ******** length     0 section .text *** removed ***
start ******** end ******** length     0 section .text *** removed ***
start ******** end ******** length     0 section .text *** removed ***
start ******** end ******** length     0 section .text *** removed ***
start ******** end ******** length     0 section .text *** removed ***
start ******** end ******** length     0 section .text *** removed ***
start ******** end ******** length     0 section .text *** removed ***
start ******** end ******** length     0 section .text *** removed ***
start ******** end ******** length     0 section .text *** removed ***
start ******** end ******** length     0 section .text *** removed ***
start ******** end ******** length     0 section .text *** removed ***
start ******** end ******** length     0 section .text *** removed ***
start ******** end ******** length     0 section .text *** removed ***
start ******** end ******** length     0 section .text *** removed ***
start ******** end ******** length     0 section .text *** removed ***
start ******** end ******** length     0 section .text *** removed ***
start ******** end ******** length     0 section .text *** removed ***
start ******** end ******** length     0 section .text *** removed ***
start ******** end ******** length     0 section .text *** removed ***
start ******** end ******** length     0 section .text *** removed ***

Debug\stm8s_clk.o:
start 00009367 end 0000a9d6 length  5743 section .debug
start 000004c0 end 00000543 length   131 section .info.
start ******** end ******** length     0 section .const *** removed ***
start ******** end ******** length     0 section .text *** removed ***
start ******** end ******** length     0 section .text *** removed ***
start ******** end ******** length     0 section .text *** removed ***
start ******** end ******** length     0 section .text *** removed ***
start ******** end ******** length     0 section .text *** removed ***
start ******** end ******** length     0 section .text *** removed ***
start ******** end ******** length     0 section .text *** removed ***
start ******** end ******** length     0 section .text *** removed ***
start 000087cc end 00008838 length   108 section .text
start ******** end ******** length     0 section .text *** removed ***
start ******** end ******** length     0 section .text *** removed ***
start ******** end ******** length     0 section .text *** removed ***
start ******** end ******** length     0 section .text *** removed ***
start 00008838 end 00008865 length    45 section .text
start ******** end ******** length     0 section .text *** removed ***
start ******** end ******** length     0 section .text *** removed ***
start ******** end ******** length     0 section .text *** removed ***
start ******** end ******** length     0 section .text *** removed ***
start ******** end ******** length     0 section .text *** removed ***
start ******** end ******** length     0 section .text *** removed ***
start ******** end ******** length     0 section .text *** removed ***
start ******** end ******** length     0 section .text *** removed ***
start ******** end ******** length     0 section .text *** removed ***

Debug\stm8s_gpio.o:
start 0000a9d6 end 0000b3e0 length  2570 section .debug
start 00000543 end 000005c7 length   132 section .info.
start ******** end ******** length     0 section .text *** removed ***
start 00008865 end 000088cd length   104 section .text
start ******** end ******** length     0 section .text *** removed ***
start ******** end ******** length     0 section .text *** removed ***
start ******** end ******** length     0 section .text *** removed ***
start ******** end ******** length     0 section .text *** removed ***
start ******** end ******** length     0 section .text *** removed ***
start ******** end ******** length     0 section .text *** removed ***
start ******** end ******** length     0 section .text *** removed ***
start ******** end ******** length     0 section .text *** removed ***

(d:\Program Files (x86)\COSMIC\CXSTM8_32K\Lib\libm0.sm8)imul.o:
start 000088cd end 000088ee length    33 section .text
start 000005c7 end 000005f6 length    47 section .info.

(d:\Program Files (x86)\COSMIC\CXSTM8_32K\Lib\libm0.sm8)ladd.o:
start 000088ee end 00008906 length    24 section .text
start 000005f6 end 00000625 length    47 section .info.

(d:\Program Files (x86)\COSMIC\CXSTM8_32K\Lib\libm0.sm8)lcmp.o:
start 00008906 end 00008926 length    32 section .text
start 00000625 end 00000654 length    47 section .info.

(d:\Program Files (x86)\COSMIC\CXSTM8_32K\Lib\libm0.sm8)lsdiv.o:
start 00008926 end 00008945 length    31 section .text
start 00000654 end 00000684 length    48 section .info.

(d:\Program Files (x86)\COSMIC\CXSTM8_32K\Lib\libm0.sm8)ldiv.o:
start 00008945 end 00008a30 length   235 section .text
start 00000684 end 000006b3 length    47 section .info.

(d:\Program Files (x86)\COSMIC\CXSTM8_32K\Lib\libm0.sm8)lgneg.o:
start 00008a30 end 00008a43 length    19 section .text
start 000006b3 end 000006e3 length    48 section .info.

(d:\Program Files (x86)\COSMIC\CXSTM8_32K\Lib\libm0.sm8)lmul.o:
start 00008a43 end 00008ace length   139 section .text
start 000006e3 end 00000712 length    47 section .info.

(d:\Program Files (x86)\COSMIC\CXSTM8_32K\Lib\libm0.sm8)lneg.o:
start 00008ace end 00008ae3 length    21 section .text
start 00000712 end 00000741 length    47 section .info.

(d:\Program Files (x86)\COSMIC\CXSTM8_32K\Lib\libm0.sm8)lreg.o:
start 0000002a end 0000002e length     4 section .ubsct
start 00000741 end 00000770 length    47 section .info.

(d:\Program Files (x86)\COSMIC\CXSTM8_32K\Lib\libm0.sm8)lsub.o:
start 00008ae3 end 00008afb length    24 section .text
start 00000770 end 0000079f length    47 section .info.

(d:\Program Files (x86)\COSMIC\CXSTM8_32K\Lib\libm0.sm8)ltor.o:
start 00008afb end 00008b0d length    18 section .text
start 0000079f end 000007ce length    47 section .info.

(d:\Program Files (x86)\COSMIC\CXSTM8_32K\Lib\libm0.sm8)ludiv.o:
start ******** end ******** length     0 section .text *** removed ***
start 000007ce end 000007fe length    48 section .info.

(d:\Program Files (x86)\COSMIC\CXSTM8_32K\Lib\libm0.sm8)rtol.o:
start 00008b0d end 00008b1f length    18 section .text
start 000007fe end 0000082d length    47 section .info.

(d:\Program Files (x86)\COSMIC\CXSTM8_32K\Lib\libm0.sm8)sdivx.o:
start 00008b1f end 00008b4a length    43 section .text
start 0000082d end 0000085d length    48 section .info.

(d:\Program Files (x86)\COSMIC\CXSTM8_32K\Lib\libm0.sm8)utolx.o:
start 00008b4a end 00008b51 length     7 section .text
start 0000085d end 0000088d length    48 section .info.

(d:\Program Files (x86)\COSMIC\CXSTM8_32K\Lib\libm0.sm8)xreg.o:
start 0000002e end 00000031 length     3 section .ubsct
start 0000088d end 000008bc length    47 section .info.

(d:\Program Files (x86)\COSMIC\CXSTM8_32K\Lib\libm0.sm8)yreg.o:
start 00000031 end 00000034 length     3 section .ubsct
start 000008bc end 000008eb length    47 section .info.

Debug\stm8_interrupt_vector.o:
start 0000b3e0 end 0000b506 length   294 section .debug
start 000008eb end 0000097a length   143 section .info.
start 00008000 end 00008080 length   128 section .const


                             -----------
                             Stack usage
                             -----------

Debug\config.o:
_Config                                15   (2)

Debug\ds18b20.o:
_DS18B20_convert                        6   (2)
_DS18B20_init                           7   (3)
_DS18B20_read_16                        8   (4)
_OW_read_8                              4   (4)
_OW_reset                               3   (3)
_OW_write_8                             4   (4)

Debug\main.o:
_main                              >   17   (2)

Debug\stm8s_clk.o:
_CLK_PeripheralClockConfig              4   (4)
_CLK_SYSCLKConfig                       3   (3)

Debug\stm8s_gpio.o:
_GPIO_Init                              6   (6)

Debug\stm8s_it.o:
f_ADC1_IRQHandler                  >    6   (6)
f_AWU_IRQHandler                   >    6   (6)
f_CLK_IRQHandler                   >    6   (6)
f_EEPROM_EEC_IRQHandler            >    6   (6)
f_EXTI_PORTA_IRQHandler            >    6   (6)
f_EXTI_PORTB_IRQHandler            >    6   (6)
f_EXTI_PORTC_IRQHandler            >    6   (6)
f_EXTI_PORTD_IRQHandler            >    6   (6)
f_EXTI_PORTE_IRQHandler            >    6   (6)
f_I2C_IRQHandler                   >    6   (6)
f_NonHandledInterrupt              >    6   (6)
f_SPI_IRQHandler                   >    6   (6)
f_TIM1_CAP_COM_IRQHandler          >   22   (19)
f_TIM1_UPD_OVF_TRG_BRK_IRQHandler  >   14   (12)
f_TIM2_CAP_COM_IRQHandler          >    6   (6)
f_TIM2_UPD_OVF_BRK_IRQHandler      >    6   (6)
f_TIM4_UPD_OVF_IRQHandler          >   14   (12)
f_TLI_IRQHandler                   >    6   (6)
f_TRAP_IRQHandler                  >    6   (6)
f_UART1_RX_IRQHandler              >    6   (6)
f_UART1_TX_IRQHandler              >    6   (6)

Debug\stm8s_tim1.o:
L11_TI4_Config                          6   (6)
L3_TI1_Config                           6   (6)
L5_TI2_Config                           6   (6)
L7_TI3_Config                           6   (6)
_TIM1_ClearITPendingBit                 2   (2)
_TIM1_Cmd                               2   (2)
_TIM1_DeInit                            2   (2)
_TIM1_ICInit                           13   (7)
_TIM1_ITConfig                          4   (4)
_TIM1_SetIC1Prescaler                   3   (3)
_TIM1_SetIC2Prescaler                   3   (3)
_TIM1_SetIC3Prescaler                   3   (3)
_TIM1_SetIC4Prescaler                   3   (3)
_TIM1_TimeBaseInit                      8   (8)

Debug\stm8s_tim4.o:
_TIM4_ClearITPendingBit                 2   (2)
_TIM4_Cmd                               2   (2)
_TIM4_DeInit                            2   (2)
_TIM4_ITConfig                          4   (4)
_TIM4_TimeBaseInit                      2   (2)

Stack size: 39


                              ---------
                              Call tree
                              ---------
   1 > __stext: (0)

   2 > _main: (2)
   3      + _Config: (2)
   4      |    + _CLK_PeripheralClockConfig: (4)
   5      |    + _CLK_SYSCLKConfig: (3)
   6      |    + _GPIO_Init: (6)
   7      |    + _TIM1_ClearITPendingBit: (2)
   8      |    + _TIM1_Cmd: (2)
   9      |    + _TIM1_DeInit: (2)
  10      |    + _TIM1_ICInit: (7)
  11      |    |    + L11_TI4_Config: (6)
  12      |    |    + L3_TI1_Config: (6)
  13      |    |    + L5_TI2_Config: (6)
  14      |    |    + L7_TI3_Config: (6)
  15      |    |    + _TIM1_SetIC1Prescaler: (3)
  16      |    |    + _TIM1_SetIC2Prescaler: (3)
  17      |    |    + _TIM1_SetIC3Prescaler: (3)
  18      |    |    + _TIM1_SetIC4Prescaler: (3)
          |    | 
  19      |    + _TIM1_ITConfig: (4)
  20      |    + _TIM1_TimeBaseInit: (8)
  21      |    + _TIM4_ClearITPendingBit: (2)
  22      |    + _TIM4_Cmd: (2)
  23      |    + _TIM4_DeInit: (2)
  24      |    + _TIM4_ITConfig: (4)
  25      |    + _TIM4_TimeBaseInit: (2)
          | 
  26      + _DS18B20_convert: (2)
  27      |    + _OW_reset: (3)
  28      |    + _OW_write_8: (4)
          | 
  29      + _DS18B20_init: (3)
  30      |    + _OW_reset --> 27
  31      |    + _OW_write_8 --> 28
          | 
  32      + _DS18B20_read_16: (4)
  33      |    + _OW_read_8: (4)
  34      |    + _OW_reset --> 27
  35      |    + _OW_write_8 --> 28
          | 
       
  36 > f_ADC1_IRQHandler: (6)

  37 > f_AWU_IRQHandler: (6)

  38 > f_CLK_IRQHandler: (6)

  39 > f_EEPROM_EEC_IRQHandler: (6)

  40 > f_EXTI_PORTA_IRQHandler: (6)

  41 > f_EXTI_PORTB_IRQHandler: (6)

  42 > f_EXTI_PORTC_IRQHandler: (6)

  43 > f_EXTI_PORTD_IRQHandler: (6)

  44 > f_EXTI_PORTE_IRQHandler: (6)

  45 > f_I2C_IRQHandler: (6)

  46 > f_NonHandledInterrupt: (6)

  47 > f_SPI_IRQHandler: (6)

  48 > f_TIM1_CAP_COM_IRQHandler: (19)

  49 > f_TIM1_UPD_OVF_TRG_BRK_IRQHandler: (12)
  50      + _TIM1_ClearITPendingBit --> 7
       
  51 > f_TIM2_CAP_COM_IRQHandler: (6)

  52 > f_TIM2_UPD_OVF_BRK_IRQHandler: (6)

  53 > f_TIM4_UPD_OVF_IRQHandler: (12)
  54      + _TIM4_ClearITPendingBit --> 21
       
  55 > f_TLI_IRQHandler: (6)

  56 > f_TRAP_IRQHandler: (6)

  57 > f_UART1_RX_IRQHandler: (6)

  58 > f_UART1_TX_IRQHandler: (6)

  59   L11_TI4_Config --> 11

  60   L3_TI1_Config --> 12

  61   L5_TI2_Config --> 13

  62   L7_TI3_Config --> 14

  63   _CLK_PeripheralClockConfig --> 4

  64   _CLK_SYSCLKConfig --> 5

  65   _Config --> 3

  66   _DS18B20_convert --> 26

  67   _DS18B20_init --> 29

  68   _DS18B20_read_16 --> 32

  69   _GPIO_Init --> 6

  70   _OW_read_8 --> 33

  71   _OW_reset --> 27

  72   _OW_write_8 --> 28

  73   _TIM1_ClearITPendingBit --> 7

  74   _TIM1_Cmd --> 8

  75   _TIM1_DeInit --> 9

  76   _TIM1_ICInit --> 10

  77   _TIM1_ITConfig --> 19

  78   _TIM1_SetIC1Prescaler --> 15

  79   _TIM1_SetIC2Prescaler --> 16

  80   _TIM1_SetIC3Prescaler --> 17

  81   _TIM1_SetIC4Prescaler --> 18

  82   _TIM1_TimeBaseInit --> 20

  83   _TIM4_ClearITPendingBit --> 21

  84   _TIM4_Cmd --> 22

  85   _TIM4_DeInit --> 23

  86   _TIM4_ITConfig --> 24

  87   _TIM4_TimeBaseInit --> 25



                               -------
                               Symbols
                               -------

_ADC1_AWDChannelConfig              ********   *** removed from Debug\stm8s_adc1.o ***
_ADC1_ClearFlag                     ********   *** removed from Debug\stm8s_adc1.o ***
_ADC1_ClearITPendingBit             ********   *** removed from Debug\stm8s_adc1.o ***
_ADC1_Cmd                           ********   *** removed from Debug\stm8s_adc1.o ***
_ADC1_ConversionConfig              ********   *** removed from Debug\stm8s_adc1.o ***
_ADC1_DataBufferCmd                 ********   *** removed from Debug\stm8s_adc1.o ***
_ADC1_DeInit                        ********   *** removed from Debug\stm8s_adc1.o ***
_ADC1_ExternalTriggerConfig         ********   *** removed from Debug\stm8s_adc1.o ***
_ADC1_GetAWDChannelStatus           ********   *** removed from Debug\stm8s_adc1.o ***
_ADC1_GetBufferValue                ********   *** removed from Debug\stm8s_adc1.o ***
_ADC1_GetConversionValue            ********   *** removed from Debug\stm8s_adc1.o ***
_ADC1_GetFlagStatus                 ********   *** removed from Debug\stm8s_adc1.o ***
_ADC1_GetITStatus                   ********   *** removed from Debug\stm8s_adc1.o ***
_ADC1_ITConfig                      ********   *** removed from Debug\stm8s_adc1.o ***
_ADC1_Init                          ********   *** removed from Debug\stm8s_adc1.o ***
_ADC1_PrescalerConfig               ********   *** removed from Debug\stm8s_adc1.o ***
_ADC1_ScanModeCmd                   ********   *** removed from Debug\stm8s_adc1.o ***
_ADC1_SchmittTriggerConfig          ********   *** removed from Debug\stm8s_adc1.o ***
_ADC1_SetHighThreshold              ********   *** removed from Debug\stm8s_adc1.o ***
_ADC1_SetLowThreshold               ********   *** removed from Debug\stm8s_adc1.o ***
_ADC1_StartConversion               ********   *** removed from Debug\stm8s_adc1.o ***
_CAPTURE_delta                      0000001e   defined in Debug\stm8s_it.o section .bsct, initialized
                                               used in Debug\main.o
_CAPTURE_new_mes                    0000001d   defined in Debug\stm8s_it.o section .bsct, initialized
                                               used in Debug\main.o
_CLKPrescTable                      ********   *** removed from Debug\stm8s_clk.o ***
_CLK_AdjustHSICalibrationValue      ********   *** removed from Debug\stm8s_clk.o ***
_CLK_CCOCmd                         ********   *** removed from Debug\stm8s_clk.o ***
_CLK_CCOConfig                      ********   *** removed from Debug\stm8s_clk.o ***
_CLK_ClearITPendingBit              ********   *** removed from Debug\stm8s_clk.o ***
_CLK_ClockSecuritySystemEnable      ********   *** removed from Debug\stm8s_clk.o ***
_CLK_ClockSwitchCmd                 ********   *** removed from Debug\stm8s_clk.o ***
_CLK_ClockSwitchConfig              ********   *** removed from Debug\stm8s_clk.o ***
_CLK_DeInit                         ********   *** removed from Debug\stm8s_clk.o ***
_CLK_FastHaltWakeUpCmd              ********   *** removed from Debug\stm8s_clk.o ***
_CLK_GetClockFreq                   ********   *** removed from Debug\stm8s_clk.o ***
_CLK_GetFlagStatus                  ********   *** removed from Debug\stm8s_clk.o ***
_CLK_GetITStatus                    ********   *** removed from Debug\stm8s_clk.o ***
_CLK_GetSYSCLKSource                ********   *** removed from Debug\stm8s_clk.o ***
_CLK_HSECmd                         ********   *** removed from Debug\stm8s_clk.o ***
_CLK_HSICmd                         ********   *** removed from Debug\stm8s_clk.o ***
_CLK_HSIPrescalerConfig             ********   *** removed from Debug\stm8s_clk.o ***
_CLK_ITConfig                       ********   *** removed from Debug\stm8s_clk.o ***
_CLK_LSICmd                         ********   *** removed from Debug\stm8s_clk.o ***
_CLK_PeripheralClockConfig          000087cc   defined in Debug\stm8s_clk.o section .text
                                               used in Debug\config.o
                                                       Debug\delay.o
_CLK_SWIMConfig                     ********   *** removed from Debug\stm8s_clk.o ***
_CLK_SYSCLKConfig                   00008838   defined in Debug\stm8s_clk.o section .text
                                               used in Debug\config.o
_CLK_SYSCLKEmergencyClear           ********   *** removed from Debug\stm8s_clk.o ***
_CLK_SlowActiveHaltWakeUpCmd        ********   *** removed from Debug\stm8s_clk.o ***
_Config                             0000833f   defined in Debug\config.o section .text
                                               used in Debug\main.o
_DS18B20_convert                    0000854d   defined in Debug\ds18b20.o section .text
                                               used in Debug\main.o
_DS18B20_init                       0000852e   defined in Debug\ds18b20.o section .text
                                               used in Debug\main.o
_DS18B20_read_16                    0000855b   defined in Debug\ds18b20.o section .text
                                               used in Debug\main.o
_DS18B20_read_8                     ********   *** removed from Debug\ds18b20.o ***
_GPIO_DeInit                        ********   *** removed from Debug\stm8s_gpio.o ***
_GPIO_ExternalPullUpConfig          ********   *** removed from Debug\stm8s_gpio.o ***
_GPIO_Init                          00008865   defined in Debug\stm8s_gpio.o section .text
                                               used in Debug\config.o
_GPIO_ReadInputData                 ********   *** removed from Debug\stm8s_gpio.o ***
_GPIO_ReadInputPin                  ********   *** removed from Debug\stm8s_gpio.o ***
_GPIO_ReadOutputData                ********   *** removed from Debug\stm8s_gpio.o ***
_GPIO_Write                         ********   *** removed from Debug\stm8s_gpio.o ***
_GPIO_WriteHigh                     ********   *** removed from Debug\stm8s_gpio.o ***
_GPIO_WriteLow                      ********   *** removed from Debug\stm8s_gpio.o ***
_GPIO_WriteReverse                  ********   *** removed from Debug\stm8s_gpio.o ***
_HSIDivFactor                       ********   *** removed from Debug\stm8s_clk.o ***
_OW_read_8                          000084f1   defined in Debug\ds18b20.o section .text
_OW_reset                           0000847f   defined in Debug\ds18b20.o section .text
_OW_write_8                         000084ad   defined in Debug\ds18b20.o section .text
_TIM1_ARRPreloadConfig              ********   *** removed from Debug\stm8s_tim1.o ***
_TIM1_BDTRConfig                    ********   *** removed from Debug\stm8s_tim1.o ***
_TIM1_CCPreloadControl              ********   *** removed from Debug\stm8s_tim1.o ***
_TIM1_CCxCmd                        ********   *** removed from Debug\stm8s_tim1.o ***
_TIM1_CCxNCmd                       ********   *** removed from Debug\stm8s_tim1.o ***
_TIM1_ClearFlag                     ********   *** removed from Debug\stm8s_tim1.o ***
_TIM1_ClearITPendingBit             0000827a   defined in Debug\stm8s_tim1.o section .text
                                               used in Debug\config.o
                                                       Debug\stm8s_it.o
_TIM1_Cmd                           0000821f   defined in Debug\stm8s_tim1.o section .text
                                               used in Debug\config.o
_TIM1_CounterModeConfig             ********   *** removed from Debug\stm8s_tim1.o ***
_TIM1_CtrlPWMOutputs                ********   *** removed from Debug\stm8s_tim1.o ***
_TIM1_DeInit                        00008101   defined in Debug\stm8s_tim1.o section .text
                                               used in Debug\config.o
_TIM1_ETRClockMode1Config           ********   *** removed from Debug\stm8s_tim1.o ***
_TIM1_ETRClockMode2Config           ********   *** removed from Debug\stm8s_tim1.o ***
_TIM1_ETRConfig                     ********   *** removed from Debug\stm8s_tim1.o ***
_TIM1_EncoderInterfaceConfig        ********   *** removed from Debug\stm8s_tim1.o ***
_TIM1_ForcedOC1Config               ********   *** removed from Debug\stm8s_tim1.o ***
_TIM1_ForcedOC2Config               ********   *** removed from Debug\stm8s_tim1.o ***
_TIM1_ForcedOC3Config               ********   *** removed from Debug\stm8s_tim1.o ***
_TIM1_ForcedOC4Config               ********   *** removed from Debug\stm8s_tim1.o ***
_TIM1_GenerateEvent                 ********   *** removed from Debug\stm8s_tim1.o ***
_TIM1_GetCapture1                   ********   *** removed from Debug\stm8s_tim1.o ***
_TIM1_GetCapture2                   ********   *** removed from Debug\stm8s_tim1.o ***
_TIM1_GetCapture3                   ********   *** removed from Debug\stm8s_tim1.o ***
_TIM1_GetCapture4                   ********   *** removed from Debug\stm8s_tim1.o ***
_TIM1_GetCounter                    ********   *** removed from Debug\stm8s_tim1.o ***
_TIM1_GetFlagStatus                 ********   *** removed from Debug\stm8s_tim1.o ***
_TIM1_GetITStatus                   ********   *** removed from Debug\stm8s_tim1.o ***
_TIM1_GetPrescaler                  ********   *** removed from Debug\stm8s_tim1.o ***
_TIM1_ICInit                        000081be   defined in Debug\stm8s_tim1.o section .text
                                               used in Debug\config.o
_TIM1_ITConfig                      0000822d   defined in Debug\stm8s_tim1.o section .text
                                               used in Debug\config.o
_TIM1_InternalClockConfig           ********   *** removed from Debug\stm8s_tim1.o ***
_TIM1_OC1FastConfig                 ********   *** removed from Debug\stm8s_tim1.o ***
_TIM1_OC1Init                       ********   *** removed from Debug\stm8s_tim1.o ***
_TIM1_OC1NPolarityConfig            ********   *** removed from Debug\stm8s_tim1.o ***
_TIM1_OC1PolarityConfig             ********   *** removed from Debug\stm8s_tim1.o ***
_TIM1_OC1PreloadConfig              ********   *** removed from Debug\stm8s_tim1.o ***
_TIM1_OC2FastConfig                 ********   *** removed from Debug\stm8s_tim1.o ***
_TIM1_OC2Init                       ********   *** removed from Debug\stm8s_tim1.o ***
_TIM1_OC2NPolarityConfig            ********   *** removed from Debug\stm8s_tim1.o ***
_TIM1_OC2PolarityConfig             ********   *** removed from Debug\stm8s_tim1.o ***
_TIM1_OC2PreloadConfig              ********   *** removed from Debug\stm8s_tim1.o ***
_TIM1_OC3FastConfig                 ********   *** removed from Debug\stm8s_tim1.o ***
_TIM1_OC3Init                       ********   *** removed from Debug\stm8s_tim1.o ***
_TIM1_OC3NPolarityConfig            ********   *** removed from Debug\stm8s_tim1.o ***
_TIM1_OC3PolarityConfig             ********   *** removed from Debug\stm8s_tim1.o ***
_TIM1_OC3PreloadConfig              ********   *** removed from Debug\stm8s_tim1.o ***
_TIM1_OC4FastConfig                 ********   *** removed from Debug\stm8s_tim1.o ***
_TIM1_OC4Init                       ********   *** removed from Debug\stm8s_tim1.o ***
_TIM1_OC4PolarityConfig             ********   *** removed from Debug\stm8s_tim1.o ***
_TIM1_OC4PreloadConfig              ********   *** removed from Debug\stm8s_tim1.o ***
_TIM1_PWMIConfig                    ********   *** removed from Debug\stm8s_tim1.o ***
_TIM1_PrescalerConfig               ********   *** removed from Debug\stm8s_tim1.o ***
_TIM1_SelectCOM                     ********   *** removed from Debug\stm8s_tim1.o ***
_TIM1_SelectHallSensor              ********   *** removed from Debug\stm8s_tim1.o ***
_TIM1_SelectInputTrigger            ********   *** removed from Debug\stm8s_tim1.o ***
_TIM1_SelectMasterSlaveMode         ********   *** removed from Debug\stm8s_tim1.o ***
_TIM1_SelectOCxM                    ********   *** removed from Debug\stm8s_tim1.o ***
_TIM1_SelectOnePulseMode            ********   *** removed from Debug\stm8s_tim1.o ***
_TIM1_SelectOutputTrigger           ********   *** removed from Debug\stm8s_tim1.o ***
_TIM1_SelectSlaveMode               ********   *** removed from Debug\stm8s_tim1.o ***
_TIM1_SetAutoreload                 ********   *** removed from Debug\stm8s_tim1.o ***
_TIM1_SetCompare1                   ********   *** removed from Debug\stm8s_tim1.o ***
_TIM1_SetCompare2                   ********   *** removed from Debug\stm8s_tim1.o ***
_TIM1_SetCompare3                   ********   *** removed from Debug\stm8s_tim1.o ***
_TIM1_SetCompare4                   ********   *** removed from Debug\stm8s_tim1.o ***
_TIM1_SetCounter                    ********   *** removed from Debug\stm8s_tim1.o ***
_TIM1_SetIC1Prescaler               00008246   defined in Debug\stm8s_tim1.o section .text
_TIM1_SetIC2Prescaler               00008253   defined in Debug\stm8s_tim1.o section .text
_TIM1_SetIC3Prescaler               00008260   defined in Debug\stm8s_tim1.o section .text
_TIM1_SetIC4Prescaler               0000826d   defined in Debug\stm8s_tim1.o section .text
_TIM1_TIxExternalClockConfig        ********   *** removed from Debug\stm8s_tim1.o ***
_TIM1_TimeBaseInit                  0000819a   defined in Debug\stm8s_tim1.o section .text
                                               used in Debug\config.o
_TIM1_UpdateDisableConfig           ********   *** removed from Debug\stm8s_tim1.o ***
_TIM1_UpdateRequestConfig           ********   *** removed from Debug\stm8s_tim1.o ***
_TIM2_ARRPreloadConfig              ********   *** removed from Debug\stm8s_tim2.o ***
_TIM2_CCxCmd                        ********   *** removed from Debug\stm8s_tim2.o ***
_TIM2_ClearFlag                     ********   *** removed from Debug\stm8s_tim2.o ***
_TIM2_ClearITPendingBit             ********   *** removed from Debug\stm8s_tim2.o ***
_TIM2_Cmd                           ********   *** removed from Debug\stm8s_tim2.o ***
_TIM2_DeInit                        ********   *** removed from Debug\stm8s_tim2.o ***
_TIM2_ForcedOC1Config               ********   *** removed from Debug\stm8s_tim2.o ***
_TIM2_ForcedOC2Config               ********   *** removed from Debug\stm8s_tim2.o ***
_TIM2_ForcedOC3Config               ********   *** removed from Debug\stm8s_tim2.o ***
_TIM2_GenerateEvent                 ********   *** removed from Debug\stm8s_tim2.o ***
_TIM2_GetCapture1                   ********   *** removed from Debug\stm8s_tim2.o ***
_TIM2_GetCapture2                   ********   *** removed from Debug\stm8s_tim2.o ***
_TIM2_GetCapture3                   ********   *** removed from Debug\stm8s_tim2.o ***
_TIM2_GetCounter                    ********   *** removed from Debug\stm8s_tim2.o ***
_TIM2_GetFlagStatus                 ********   *** removed from Debug\stm8s_tim2.o ***
_TIM2_GetITStatus                   ********   *** removed from Debug\stm8s_tim2.o ***
_TIM2_GetPrescaler                  ********   *** removed from Debug\stm8s_tim2.o ***
_TIM2_ICInit                        ********   *** removed from Debug\stm8s_tim2.o ***
_TIM2_ITConfig                      ********   *** removed from Debug\stm8s_tim2.o ***
_TIM2_OC1Init                       ********   *** removed from Debug\stm8s_tim2.o ***
_TIM2_OC1PolarityConfig             ********   *** removed from Debug\stm8s_tim2.o ***
_TIM2_OC1PreloadConfig              ********   *** removed from Debug\stm8s_tim2.o ***
_TIM2_OC2Init                       ********   *** removed from Debug\stm8s_tim2.o ***
_TIM2_OC2PolarityConfig             ********   *** removed from Debug\stm8s_tim2.o ***
_TIM2_OC2PreloadConfig              ********   *** removed from Debug\stm8s_tim2.o ***
_TIM2_OC3Init                       ********   *** removed from Debug\stm8s_tim2.o ***
_TIM2_OC3PolarityConfig             ********   *** removed from Debug\stm8s_tim2.o ***
_TIM2_OC3PreloadConfig              ********   *** removed from Debug\stm8s_tim2.o ***
_TIM2_PWMIConfig                    ********   *** removed from Debug\stm8s_tim2.o ***
_TIM2_PrescalerConfig               ********   *** removed from Debug\stm8s_tim2.o ***
_TIM2_SelectOCxM                    ********   *** removed from Debug\stm8s_tim2.o ***
_TIM2_SelectOnePulseMode            ********   *** removed from Debug\stm8s_tim2.o ***
_TIM2_SetAutoreload                 ********   *** removed from Debug\stm8s_tim2.o ***
_TIM2_SetCompare1                   ********   *** removed from Debug\stm8s_tim2.o ***
_TIM2_SetCompare2                   ********   *** removed from Debug\stm8s_tim2.o ***
_TIM2_SetCompare3                   ********   *** removed from Debug\stm8s_tim2.o ***
_TIM2_SetCounter                    ********   *** removed from Debug\stm8s_tim2.o ***
_TIM2_SetIC1Prescaler               ********   *** removed from Debug\stm8s_tim2.o ***
_TIM2_SetIC2Prescaler               ********   *** removed from Debug\stm8s_tim2.o ***
_TIM2_SetIC3Prescaler               ********   *** removed from Debug\stm8s_tim2.o ***
_TIM2_TimeBaseInit                  ********   *** removed from Debug\stm8s_tim2.o ***
_TIM2_UpdateDisableConfig           ********   *** removed from Debug\stm8s_tim2.o ***
_TIM2_UpdateRequestConfig           ********   *** removed from Debug\stm8s_tim2.o ***
_TIM4_ARRPreloadConfig              ********   *** removed from Debug\stm8s_tim4.o ***
_TIM4_ClearFlag                     ********   *** removed from Debug\stm8s_tim4.o ***
_TIM4_ClearITPendingBit             0000847a   defined in Debug\stm8s_tim4.o section .text
                                               used in Debug\config.o
                                                       Debug\stm8s_it.o
_TIM4_Cmd                           00008453   defined in Debug\stm8s_tim4.o section .text
                                               used in Debug\config.o
_TIM4_DeInit                        00008431   defined in Debug\stm8s_tim4.o section .text
                                               used in Debug\config.o
_TIM4_GenerateEvent                 ********   *** removed from Debug\stm8s_tim4.o ***
_TIM4_GetCounter                    ********   *** removed from Debug\stm8s_tim4.o ***
_TIM4_GetFlagStatus                 ********   *** removed from Debug\stm8s_tim4.o ***
_TIM4_GetITStatus                   ********   *** removed from Debug\stm8s_tim4.o ***
_TIM4_GetPrescaler                  ********   *** removed from Debug\stm8s_tim4.o ***
_TIM4_ITConfig                      00008461   defined in Debug\stm8s_tim4.o section .text
                                               used in Debug\config.o
_TIM4_PrescalerConfig               ********   *** removed from Debug\stm8s_tim4.o ***
_TIM4_SelectOnePulseMode            ********   *** removed from Debug\stm8s_tim4.o ***
_TIM4_SetAutoreload                 ********   *** removed from Debug\stm8s_tim4.o ***
_TIM4_SetCounter                    ********   *** removed from Debug\stm8s_tim4.o ***
_TIM4_TimeBaseInit                  0000844a   defined in Debug\stm8s_tim4.o section .text
                                               used in Debug\config.o
_TIM4_UpdateDisableConfig           ********   *** removed from Debug\stm8s_tim4.o ***
_TIM4_UpdateRequestConfig           ********   *** removed from Debug\stm8s_tim4.o ***
__endmem                            000001ff   defined in command file
                                               *** not used ***
__endzp                             00000034   defined in command file section .ubsct
                                               used in d:\Program Files (x86)\COSMIC\CXSTM8_32K\Lib\crtsi0.sm8
__idesc__                           0000808c   defined in linker section .init
                                               used in d:\Program Files (x86)\COSMIC\CXSTM8_32K\Lib\crtsi0.sm8
__memory                            00000100   defined in command file section .bss
                                               used in d:\Program Files (x86)\COSMIC\CXSTM8_32K\Lib\crtsi0.sm8
__stack                             000003ff   defined in command file
                                               used in d:\Program Files (x86)\COSMIC\CXSTM8_32K\Lib\crtsi0.sm8
__startmem                          00000100   defined in command file section .bss
                                               *** not used ***
__stext                             000080b6   defined in d:\Program Files (x86)\COSMIC\CXSTM8_32K\Lib\crtsi0.sm8 section .text
                                               used in Debug\stm8_interrupt_vector.o
__vectab                            00008000   defined in Debug\stm8_interrupt_vector.o section .const
_delay_100ms_flag                   00000017   defined in Debug\stm8s_it.o section .bsct, initialized
                                               used in Debug\main.o
_delay_10us                         ********   *** removed from Debug\delay.o ***
_delay_1s_flag                      0000001a   defined in Debug\stm8s_it.o section .bsct, initialized
                                               used in Debug\main.o
_delay_50ms_flag                    0000001c   defined in Debug\stm8s_it.o section .bsct, initialized
_delay_cnt_100ms                    00000016   defined in Debug\stm8s_it.o section .bsct, initialized
_delay_cnt_1s                       00000018   defined in Debug\stm8s_it.o section .bsct, initialized
_delay_cnt_50ms                     0000001b   defined in Debug\stm8s_it.o section .bsct, initialized
_delay_ms                           ********   *** removed from Debug\delay.o ***
_distance                           0000000e   defined in Debug\main.o section .bsct, initialized
_exit                               000080ff   defined in d:\Program Files (x86)\COSMIC\CXSTM8_32K\Lib\crtsi0.sm8 section .text
_main                               00008585   defined in Debug\main.o section .text
                                               used in d:\Program Files (x86)\COSMIC\CXSTM8_32K\Lib\crtsi0.sm8
_neg_temp_flag                      00000006   defined in Debug\main.o section .bsct, initialized
_period                             00000009   defined in Debug\main.o section .bsct, initialized
_soundspeed                         00000014   defined in Debug\main.o section .bsct, initialized
_soundspeed0degC                    00008080   defined in Debug\main.o section .const
_soundspeedkfactor                  00008082   defined in Debug\main.o section .const
_soundspeedkfactorcorrection        00000012   defined in Debug\main.o section .bsct, initialized
_temperature                        00000000   defined in Debug\main.o section .bsct, initialized
_tempr                              00000002   defined in Debug\main.o section .bsct, initialized
_tim1_cntr                          00000007   defined in Debug\main.o section .bsct, initialized
_time                               0000000d   defined in Debug\main.o section .bsct, initialized
_tmpccr2                            00000022   defined in Debug\stm8s_it.o section .ubsct
_tmpccr2h                           00000025   defined in Debug\stm8s_it.o section .ubsct
_tmpccr2l                           00000024   defined in Debug\stm8s_it.o section .ubsct
_tmpccr3                            00000026   defined in Debug\stm8s_it.o section .ubsct
_tmpccr3h                           00000029   defined in Debug\stm8s_it.o section .ubsct
_tmpccr3l                           00000028   defined in Debug\stm8s_it.o section .ubsct
c_divsl                             00008945   defined in (d:\Program Files (x86)\COSMIC\CXSTM8_32K\Lib\libm0.sm8)ldiv.o section .text
                                               used in (d:\Program Files (x86)\COSMIC\CXSTM8_32K\Lib\libm0.sm8)lsdiv.o
c_divul                             0000895c   defined in (d:\Program Files (x86)\COSMIC\CXSTM8_32K\Lib\libm0.sm8)ldiv.o section .text
                                               used in (d:\Program Files (x86)\COSMIC\CXSTM8_32K\Lib\libm0.sm8)ludiv.o
c_imul                              000088cd   defined in (d:\Program Files (x86)\COSMIC\CXSTM8_32K\Lib\libm0.sm8)imul.o section .text
                                               used in Debug\main.o
c_ladd                              000088ee   defined in (d:\Program Files (x86)\COSMIC\CXSTM8_32K\Lib\libm0.sm8)ladd.o section .text
                                               used in Debug\stm8s_it.o
c_lcmp                              00008906   defined in (d:\Program Files (x86)\COSMIC\CXSTM8_32K\Lib\libm0.sm8)lcmp.o section .text
                                               used in Debug\main.o
c_ldiv                              00008926   defined in (d:\Program Files (x86)\COSMIC\CXSTM8_32K\Lib\libm0.sm8)lsdiv.o section .text
                                               used in Debug\main.o
c_lgneg                             00008a30   defined in (d:\Program Files (x86)\COSMIC\CXSTM8_32K\Lib\libm0.sm8)lgneg.o section .text
                                               used in (d:\Program Files (x86)\COSMIC\CXSTM8_32K\Lib\libm0.sm8)ldiv.o
c_lmul                              00008a43   defined in (d:\Program Files (x86)\COSMIC\CXSTM8_32K\Lib\libm0.sm8)lmul.o section .text
                                               used in Debug\main.o
c_lmulc                             00008a4b   defined in (d:\Program Files (x86)\COSMIC\CXSTM8_32K\Lib\libm0.sm8)lmul.o section .text
                                               *** not used ***
c_lneg                              00008ace   defined in (d:\Program Files (x86)\COSMIC\CXSTM8_32K\Lib\libm0.sm8)lneg.o section .text
                                               used in (d:\Program Files (x86)\COSMIC\CXSTM8_32K\Lib\libm0.sm8)lsdiv.o
                                                       (d:\Program Files (x86)\COSMIC\CXSTM8_32K\Lib\libm0.sm8)ldiv.o
c_lreg                              0000002a   defined in (d:\Program Files (x86)\COSMIC\CXSTM8_32K\Lib\libm0.sm8)lreg.o section .ubsct
                                               used in Debug\stm8s_it.o
                                                       Debug\stm8s_clk.o
                                                       (d:\Program Files (x86)\COSMIC\CXSTM8_32K\Lib\libm0.sm8)ladd.o
                                                       (d:\Program Files (x86)\COSMIC\CXSTM8_32K\Lib\libm0.sm8)lcmp.o
                                                       (d:\Program Files (x86)\COSMIC\CXSTM8_32K\Lib\libm0.sm8)ldiv.o
                                                       (d:\Program Files (x86)\COSMIC\CXSTM8_32K\Lib\libm0.sm8)lmul.o
                                                       (d:\Program Files (x86)\COSMIC\CXSTM8_32K\Lib\libm0.sm8)lneg.o
                                                       (d:\Program Files (x86)\COSMIC\CXSTM8_32K\Lib\libm0.sm8)lsub.o
                                                       (d:\Program Files (x86)\COSMIC\CXSTM8_32K\Lib\libm0.sm8)ltor.o
                                                       (d:\Program Files (x86)\COSMIC\CXSTM8_32K\Lib\libm0.sm8)rtol.o
                                                       (d:\Program Files (x86)\COSMIC\CXSTM8_32K\Lib\libm0.sm8)utolx.o
c_lsub                              00008ae3   defined in (d:\Program Files (x86)\COSMIC\CXSTM8_32K\Lib\libm0.sm8)lsub.o section .text
                                               used in Debug\stm8s_it.o
c_ltor                              00008afb   defined in (d:\Program Files (x86)\COSMIC\CXSTM8_32K\Lib\libm0.sm8)ltor.o section .text
                                               used in Debug\main.o
                                                       Debug\stm8s_clk.o
c_ludv                              ********   *** removed from (d:\Program Files (x86)\COSMIC\CXSTM8_32K\Lib\libm0.sm8)ludiv.o ***
c_rtol                              00008b0d   defined in (d:\Program Files (x86)\COSMIC\CXSTM8_32K\Lib\libm0.sm8)rtol.o section .text
                                               used in Debug\main.o
                                                       Debug\stm8s_it.o
                                                       Debug\stm8s_clk.o
c_sdivx                             00008b25   defined in (d:\Program Files (x86)\COSMIC\CXSTM8_32K\Lib\libm0.sm8)sdivx.o section .text
                                               used in Debug\main.o
c_smodx                             00008b1f   defined in (d:\Program Files (x86)\COSMIC\CXSTM8_32K\Lib\libm0.sm8)sdivx.o section .text
                                               *** not used ***
c_uitolx                            00008b4a   defined in (d:\Program Files (x86)\COSMIC\CXSTM8_32K\Lib\libm0.sm8)utolx.o section .text
                                               used in Debug\main.o
                                                       Debug\stm8s_it.o
c_x                                 0000002e   defined in (d:\Program Files (x86)\COSMIC\CXSTM8_32K\Lib\libm0.sm8)xreg.o section .ubsct
                                               used in d:\Program Files (x86)\COSMIC\CXSTM8_32K\Lib\crtsi0.sm8
                                                       Debug\stm8s_it.o
                                                       (d:\Program Files (x86)\COSMIC\CXSTM8_32K\Lib\libm0.sm8)imul.o
                                                       (d:\Program Files (x86)\COSMIC\CXSTM8_32K\Lib\libm0.sm8)lsdiv.o
                                                       (d:\Program Files (x86)\COSMIC\CXSTM8_32K\Lib\libm0.sm8)ldiv.o
                                                       (d:\Program Files (x86)\COSMIC\CXSTM8_32K\Lib\libm0.sm8)lmul.o
                                                       (d:\Program Files (x86)\COSMIC\CXSTM8_32K\Lib\libm0.sm8)sdivx.o
c_y                                 00000031   defined in (d:\Program Files (x86)\COSMIC\CXSTM8_32K\Lib\libm0.sm8)yreg.o section .ubsct
                                               used in d:\Program Files (x86)\COSMIC\CXSTM8_32K\Lib\crtsi0.sm8
                                                       Debug\stm8s_it.o
f_ADC1_IRQHandler                   00008769   defined in Debug\stm8s_it.o section .text
                                               used in Debug\stm8_interrupt_vector.o
f_AWU_IRQHandler                    0000862f   defined in Debug\stm8s_it.o section .text
                                               used in Debug\stm8_interrupt_vector.o
f_CLK_IRQHandler                    00008630   defined in Debug\stm8s_it.o section .text
                                               used in Debug\stm8_interrupt_vector.o
f_EEPROM_EEC_IRQHandler             000087cb   defined in Debug\stm8s_it.o section .text
                                               used in Debug\stm8_interrupt_vector.o
f_EXTI_PORTA_IRQHandler             00008631   defined in Debug\stm8s_it.o section .text
                                               used in Debug\stm8_interrupt_vector.o
f_EXTI_PORTB_IRQHandler             00008632   defined in Debug\stm8s_it.o section .text
                                               used in Debug\stm8_interrupt_vector.o
f_EXTI_PORTC_IRQHandler             00008633   defined in Debug\stm8s_it.o section .text
                                               used in Debug\stm8_interrupt_vector.o
f_EXTI_PORTD_IRQHandler             00008634   defined in Debug\stm8s_it.o section .text
                                               used in Debug\stm8_interrupt_vector.o
f_EXTI_PORTE_IRQHandler             00008635   defined in Debug\stm8s_it.o section .text
                                               used in Debug\stm8_interrupt_vector.o
f_I2C_IRQHandler                    00008768   defined in Debug\stm8s_it.o section .text
                                               used in Debug\stm8_interrupt_vector.o
f_NonHandledInterrupt               0000862c   defined in Debug\stm8s_it.o section .text
                                               used in Debug\stm8_interrupt_vector.o
f_SPI_IRQHandler                    00008636   defined in Debug\stm8s_it.o section .text
                                               used in Debug\stm8_interrupt_vector.o
f_TIM1_CAP_COM_IRQHandler           0000866c   defined in Debug\stm8s_it.o section .text
                                               used in Debug\stm8_interrupt_vector.o
f_TIM1_UPD_OVF_TRG_BRK_IRQHandler   00008637   defined in Debug\stm8s_it.o section .text
                                               used in Debug\stm8_interrupt_vector.o
f_TIM2_CAP_COM_IRQHandler           00008765   defined in Debug\stm8s_it.o section .text
                                               used in Debug\stm8_interrupt_vector.o
f_TIM2_UPD_OVF_BRK_IRQHandler       00008764   defined in Debug\stm8s_it.o section .text
                                               used in Debug\stm8_interrupt_vector.o
f_TIM4_UPD_OVF_IRQHandler           0000876a   defined in Debug\stm8s_it.o section .text
                                               used in Debug\stm8_interrupt_vector.o
f_TLI_IRQHandler                    0000862e   defined in Debug\stm8s_it.o section .text
                                               used in Debug\stm8_interrupt_vector.o
f_TRAP_IRQHandler                   0000862d   defined in Debug\stm8s_it.o section .text
                                               used in Debug\stm8_interrupt_vector.o
f_UART1_RX_IRQHandler               00008767   defined in Debug\stm8s_it.o section .text
                                               used in Debug\stm8_interrupt_vector.o
f_UART1_TX_IRQHandler               00008766   defined in Debug\stm8s_it.o section .text
                                               used in Debug\stm8_interrupt_vector.o
